// Jest Snapshot v1, https://goo.gl/fbAQLP

exports[`App component should render App component 1`] = `
Object {
  "asFragment": [Function],
  "baseElement": <body>
    <div>
      <div
        class="app"
      >
        <header
          class="app-header"
        >
          <h2
            class="app-title"
          >
            Tic-Tac-Toe
          </h2>
        </header>
        <h3
          class="app-text"
        >
          Choise your move:
        </h3>
        <div
          class="buttons-panel"
        >
          <button
            class="button 
                    clicked
                    "
            data-testid="X"
          >
            <span
              class="button-title"
            >
              X
            </span>
          </button>
          <button
            class="button
                    
                    "
            data-testid="O"
          >
            <span
              class="button-title"
            >
              O
            </span>
          </button>
        </div>
        <div
          class="game"
        >
          <div
            class="game-board"
          >
            <div
              class="board-square "
              data-testid="square 1"
            />
            <div
              class="board-square "
              data-testid="square 2"
            />
            <div
              class="board-square "
              data-testid="square 3"
            />
            <div
              class="board-square "
              data-testid="square 4"
            />
            <div
              class="board-square "
              data-testid="square 5"
            />
            <div
              class="board-square "
              data-testid="square 6"
            />
            <div
              class="board-square "
              data-testid="square 7"
            />
            <div
              class="board-square "
              data-testid="square 8"
            />
            <div
              class="board-square "
              data-testid="square 9"
            />
          </div>
        </div>
        
      </div>
    </div>
  </body>,
  "container": <div>
    <div
      class="app"
    >
      <header
        class="app-header"
      >
        <h2
          class="app-title"
        >
          Tic-Tac-Toe
        </h2>
      </header>
      <h3
        class="app-text"
      >
        Choise your move:
      </h3>
      <div
        class="buttons-panel"
      >
        <button
          class="button 
                    clicked
                    "
          data-testid="X"
        >
          <span
            class="button-title"
          >
            X
          </span>
        </button>
        <button
          class="button
                    
                    "
          data-testid="O"
        >
          <span
            class="button-title"
          >
            O
          </span>
        </button>
      </div>
      <div
        class="game"
      >
        <div
          class="game-board"
        >
          <div
            class="board-square "
            data-testid="square 1"
          />
          <div
            class="board-square "
            data-testid="square 2"
          />
          <div
            class="board-square "
            data-testid="square 3"
          />
          <div
            class="board-square "
            data-testid="square 4"
          />
          <div
            class="board-square "
            data-testid="square 5"
          />
          <div
            class="board-square "
            data-testid="square 6"
          />
          <div
            class="board-square "
            data-testid="square 7"
          />
          <div
            class="board-square "
            data-testid="square 8"
          />
          <div
            class="board-square "
            data-testid="square 9"
          />
        </div>
      </div>
      
    </div>
  </div>,
  "debug": [Function],
  "findAllByAltText": [Function],
  "findAllByDisplayValue": [Function],
  "findAllByLabelText": [Function],
  "findAllByPlaceholderText": [Function],
  "findAllByRole": [Function],
  "findAllByTestId": [Function],
  "findAllByText": [Function],
  "findAllByTitle": [Function],
  "findByAltText": [Function],
  "findByDisplayValue": [Function],
  "findByLabelText": [Function],
  "findByPlaceholderText": [Function],
  "findByRole": [Function],
  "findByTestId": [Function],
  "findByText": [Function],
  "findByTitle": [Function],
  "getAllByAltText": [Function],
  "getAllByDisplayValue": [Function],
  "getAllByLabelText": [Function],
  "getAllByPlaceholderText": [Function],
  "getAllByRole": [Function],
  "getAllByTestId": [Function],
  "getAllByText": [Function],
  "getAllByTitle": [Function],
  "getByAltText": [Function],
  "getByDisplayValue": [Function],
  "getByLabelText": [Function],
  "getByPlaceholderText": [Function],
  "getByRole": [Function],
  "getByTestId": [Function],
  "getByText": [Function],
  "getByTitle": [Function],
  "queryAllByAltText": [Function],
  "queryAllByDisplayValue": [Function],
  "queryAllByLabelText": [Function],
  "queryAllByPlaceholderText": [Function],
  "queryAllByRole": [Function],
  "queryAllByTestId": [Function],
  "queryAllByText": [Function],
  "queryAllByTitle": [Function],
  "queryByAltText": [Function],
  "queryByDisplayValue": [Function],
  "queryByLabelText": [Function],
  "queryByPlaceholderText": [Function],
  "queryByRole": [Function],
  "queryByTestId": [Function],
  "queryByText": [Function],
  "queryByTitle": [Function],
  "rerender": [Function],
  "unmount": [Function],
}
`;
